Router(config-if)#int s0/1/0
Router(config-if)#ip ad
Router(config-if)#ip address 10.0.60.5 255.255.255.252
Router(config-if)#no shut

Router(config-if)#
%LINK-5-CHANGED: Interface Serial0/1/0, changed state to up

Router(config-if)#
Router#
%SYS-5-CONFIG_I: Configured from console by console

Router#ping 10.0.60.
%LINEPROTO-5-UPDOWN: Line protocol on Interface Serial0/1/0, changed state to up

Translating "10.0.60."
% Unrecognized host or address or protocol not running.

Router#ping 10.0.60.6

Type escape sequence to abort.
Sending 5, 100-byte ICMP Echos to 10.0.60.6, timeout is 2 seconds:
!!!!!
Success rate is 100 percent (5/5), round-trip min/avg/max = 16/27/45 ms

Router#
Router#config t
Enter configuration commands, one per line.  End with CNTL/Z.
Router(config)#no ip domain l
Router(config)#no ip domain lookup 
Router(config)#int g0/0/0
Router(config-if)#no shut

Router(config-if)#
%LINK-5-CHANGED: Interface GigabitEthernet0/0/0, changed state to up

%LINEPROTO-5-UPDOWN: Line protocol on Interface GigabitEthernet0/0/0, changed state to up

Router(config-if)#
Router(config-if)#int g0/0/0.30
Router(config-subif)#
%LINK-5-CHANGED: Interface GigabitEthernet0/0/0.30, changed state to up

%LINEPROTO-5-UPDOWN: Line protocol on Interface GigabitEthernet0/0/0.30, changed state to up

Router(config-subif)#enc
Router(config-subif)#encapsulation do
Router(config-subif)#encapsulation dot1Q 30
Router(config-subif)#ip address 10.0.32.1 255.255.248.0
Router(config-subif)#int g0/0/0.40
Router(config-subif)#
%LINK-5-CHANGED: Interface GigabitEthernet0/0/0.40, changed state to up

%LINEPROTO-5-UPDOWN: Line protocol on Interface GigabitEthernet0/0/0.40, changed state to up

Router(config-subif)#enca
Router(config-subif)#encapsulation dot1q 40
Router(config-subif)#ip address 10.0.40.1 255.255.248.0
Router(config-subif)#ip dhcp pool red6
Router(dhcp-config)#network 10.0.32.0 255.255.248.0
Router(dhcp-config)#defa
Router(dhcp-config)#default-router 10.0.32.1
Router(dhcp-config)#ip dhcp ex
Router(dhcp-config)#ip dhcp excluded-address 10.0.32.1
Router(config)#ip dhcp pool red7
Router(dhcp-config)#network 10.0.40.0 255.255.248.0
Router(dhcp-config)#defa
Router(dhcp-config)#default-router 10.0.40.0
Router(dhcp-config)#no default-router 10.0.40.0
Router(dhcp-config)#default-router 10.0.40.1
Router(dhcp-config)#ip dhc
Router(dhcp-config)#ip dhcp ex
Router(dhcp-config)#ip dhcp excluded-address 10.0.40.1
Router(config)#
Router(config)#rou
Router(config)#router e
Router(config)#router eigrp 1
Router(config-router)#network 10.0.60.4 255.255.255.252
Router(config-router)#
%DUAL-5-NBRCHANGE: IP-EIGRP 1: Neighbor 10.0.60.6 (Serial0/1/0) is up: new adjacency
Router(config)#ip ac
Router(config)#ip access-list e
Router(config)#ip access-list extended rule 20
                                            ^
% Invalid input detected at '^' marker.
	
Router(config)#ip access-list extended rule20
Router(config-ext-nacl)#ip deny 10.0.0.0 0.0.15.255 10.0.6.0 0.0.15.255
                        ^
% Invalid input detected at '^' marker.
	
Router(config-ext-nacl)#deny ip 10.0.0.0 0.0.15.255 10.0.6.0 0.0.15.255
Router(config-ext-nacl)#deny ip 10.0.32.0 0.0.7.255 10.0.6.0 0.0.15.255
Router(config-ext-nacl)#deny ip 10.0.40.0 0.0.7.255 10.0.6.0 0.0.15.255
Router(config-ext-nacl)#deny ip 10.0.48.0 0.0.7.255 10.0.6.0 0.0.15.255
Router(config-ext-nacl)#deny ip 10.0.56.0 0.0.3.255 10.0.6.0 0.0.15.255
Router(config-ext-nacl)#
Router(config)#ip access-list ex
Router(config)#ip access-list extended rule30
Router(config-ext-nacl)#deny ip 10.0.0.0 0.0.15.255 10.0.6.0 0.0.15.255
Router(config-ext-nacl)#deny ip 10.0.16.0 0.0.15.255 10.0.0.0 0.0.15.255
Router(config-ext-nacl)#deny ip 10.0.40.0 0.0.7.255 10.0.0.0 0.0.15.255
Router(config-ext-nacl)#deny ip 10.0.48.0 0.0.7.255 10.0.0.0 0.0.15.255
Router(config-ext-nacl)#deny ip 10.0.56.0 0.0.3.255 10.0.0.0 0.0.15.255
Router(config-ext-nacl)#permit ip any any
Router(config-ext-nacl)#ip access-list extended rule40
Router(config-ext-nacl)#deny ip 10.0.0.0 0.0.15.255 10.0.6.0 0.0.15.255
Router(config-ext-nacl)#deny ip 10.0.16.0 0.0.15.255 10.0.0.0 0.0.15.255
Router(config-ext-nacl)#deny ip 10.0.32.0 0.0.7.255 10.0.0.0 0.0.15.255
Router(config-ext-nacl)#deny ip 10.0.48.0 0.0.7.255 10.0.0.0 0.0.15.255
Router(config-ext-nacl)#deny ip 10.0.56.0 0.0.3.255 10.0.0.0 0.0.15.255
Router(config-ext-nacl)#permit ip any any
Router(config-ext-nacl)#
