Router(config)#no ip domain lookup
Router(config)#int g0/0/0
Router(config-if)#ip 
Router(config-if)#ip add
Router(config-if)#ip address 10.4.0.1 255.254.0.0
Router(config-if)#no s
Router(config-if)#no shut

Router(config-if)#
%LINK-5-CHANGED: Interface GigabitEthernet0/0/0, changed state to up

%LINEPROTO-5-UPDOWN: Line protocol on Interface GigabitEthernet0/0/0, changed state to up

Router(config-if)#exit
Router(config)#
Router(config)#ip dhcp pool red1
Router(dhcp-config)#network 10.4.0.0 255.254.0.0
Router(dhcp-config)#network 10.4.0.0 255.254.0.0
Router(dhcp-config)#default router 10.4.0.1
                            ^
% Invalid input detected at '^' marker.
	
Router(dhcp-config)#default-router 10.4.0.1
Router(dhcp-config)#ip dhcp ex
Router(dhcp-config)#ip dhcp exc
Router(dhcp-config)#ip dhcp exc
Router(dhcp-config)#ip dhcp excluded-address 10.4.0.1
Router(config)#
Router(config)#int s0/1/0
Router(config-if)#ip add
Router(config-if)#ip address 10.6.0.129 255.255.255.252
Router(config-if)#no shut

%LINK-5-CHANGED: Interface Serial0/1/0, changed state to down
Router(config-if)#
Router#ping 10.6.0.130

Type escape sequence to abort.
Sending 5, 100-byte ICMP Echos to 10.6.0.130, timeout is 2 seconds:
!!!!!
Success rate is 100 percent (5/5), round-trip min/avg/max = 2/25/43 ms
